[{'res': True, 'info': {'m': [{'value': '1', 'line': '4'}, {'value': '1', 'line': '14'}], 'x': [{'value': '5', 'line': '5'}, {'value': '2', 'line': '13'}], 'y': [{'value': '3', 'line': '5'}]}}, {'res': True, 'info': {'m': [{'value': '1', 'line': '4'}, {'value': '11', 'line': '9'}], 'x': [{'value': '206', 'line': '5'}, {'value': '210', 'line': '8'}], 'y': [{'value': '4', 'line': '5'}]}}, {'res': True, 'info': {'m': [{'value': '1', 'line': '4'}, {'value': '95', 'line': '9'}], 'x': [{'value': '388', 'line': '5'}, {'value': '394', 'line': '8'}], 'y': [{'value': '6', 'line': '5'}]}}, {'res': True, 'info': {'m': [{'value': '1', 'line': '4'}, {'value': '7', 'line': '14'}], 'x': [{'value': '666', 'line': '5'}, {'value': '661', 'line': '13'}], 'y': [{'value': '5', 'line': '5'}]}}]